This is pdfTeX, Version 3.141592653-2.6-1.40.29 (TeX Live 2026) (preloaded format=pdflatex 2026.5.24)  27 MAY 2026 14:29
entering extended mode
 restricted \write18 enabled.
 %&-line parsing enabled.
**main.tex
(./main.tex
LaTeX2e <2025-11-01>
L3 programming layer <2026-01-19>
(/usr/local/texlive/2026/texmf-dist/tex/latex/base/article.cls
Document Class: article 2025/01/22 v1.4n Standard LaTeX document class
(/usr/local/texlive/2026/texmf-dist/tex/latex/base/size12.clo
File: size12.clo 2025/01/22 v1.4n Standard LaTeX file (size option)
)
\c@part=\count275
\c@section=\count276
\c@subsection=\count277
\c@subsubsection=\count278
\c@paragraph=\count279
\c@subparagraph=\count280
\c@figure=\count281
\c@table=\count282
\abovecaptionskip=\skip49
\belowcaptionskip=\skip50
\bibindent=\dimen148
)
(/usr/local/texlive/2026/texmf-dist/tex/latex/base/inputenc.sty
Package: inputenc 2024/02/08 v1.3d Input encoding file
\inpenc@prehook=\toks17
\inpenc@posthook=\toks18
)
(/usr/local/texlive/2026/texmf-dist/tex/latex/enumitem/enumitem.sty
Package: enumitem 2025/02/06 v3.11 Customized lists
\enitkv@toks@=\toks19
\labelindent=\skip51
\enit@outerparindent=\dimen149
\enit@toks=\toks20
\enit@inbox=\box53
\enit@count@id=\count283
\enitdp@description=\count284
)
(/usr/local/texlive/2026/texmf-dist/tex/generic/babel/babel.sty
Package: babel 2026/03/08 v26.4 The multilingual framework for LuaLaTeX, pdfLaT
eX and XeLaTeX
\babel@savecnt=\count285
LaTeX Encoding Info:    Redeclaring text command \ij (encoding OT1) on input li
ne 2078.
LaTeX Encoding Info:    Redeclaring text command \IJ (encoding OT1) on input li
ne 2080.
LaTeX Encoding Info:    Redeclaring text command \ij (encoding T1) on input lin
e 2082.
LaTeX Encoding Info:    Redeclaring text command \IJ (encoding T1) on input lin
e 2083.
LaTeX Encoding Info:    Ignoring declaration for text command \ij (encoding ?) 
on input line 2084.
LaTeX Encoding Info:    Ignoring declaration for text command \IJ (encoding ?) 
on input line 2086.
LaTeX Encoding Info:    Ignoring declaration for text command \SS (encoding ?) 
on input line 2111.
\U@D=\dimen150
\l@unhyphenated=\language91

(/usr/local/texlive/2026/texmf-dist/tex/generic/babel/txtbabel.def)
\bbl@readstream=\read2
\bbl@dirlevel=\count286

(/usr/local/texlive/2026/texmf-dist/tex/generic/babel/locale/es/babel-spanish.t
ex)
Package babel Info: Importing font and identification data for spanish
(babel)             from babel-es.ini. Reported on input line 4330.
 (/usr/local/texlive/2026/texmf-dist/tex/generic/babel-spanish/spanish.ldf
Language: spanish.ldf 2021/05/27 v5.0q Spanish support from the babel system
\es@quottoks=\toks21
\es@quotdepth=\count287
Package babel Info: Making " an active character on input line 570.
))
LaTeX Encoding Info:    Redeclaring text command \guillemotleft (encoding OT1) 
on input line 9.
LaTeX Encoding Info:    Redeclaring text command \guillemotright (encoding OT1)
 on input line 9.
(/usr/local/texlive/2026/texmf-dist/tex/latex/amsmath/amsmath.sty
Package: amsmath 2025/07/09 v2.17z AMS math features
\@mathmargin=\skip52

For additional information on amsmath, use the `?' option.
(/usr/local/texlive/2026/texmf-dist/tex/latex/amsmath/amstext.sty
Package: amstext 2024/11/17 v2.01 AMS text

(/usr/local/texlive/2026/texmf-dist/tex/latex/amsmath/amsgen.sty
File: amsgen.sty 1999/11/30 v2.0 generic functions
\@emptytoks=\toks22
\ex@=\dimen151
))
(/usr/local/texlive/2026/texmf-dist/tex/latex/amsmath/amsbsy.sty
Package: amsbsy 1999/11/29 v1.2d Bold Symbols
\pmbraise@=\dimen152
)
(/usr/local/texlive/2026/texmf-dist/tex/latex/amsmath/amsopn.sty
Package: amsopn 2022/04/08 v2.04 operator names
)
\inf@bad=\count288
LaTeX Info: Redefining \frac on input line 233.
\uproot@=\count289
\leftroot@=\count290
LaTeX Info: Redefining \overline on input line 398.
LaTeX Info: Redefining \colon on input line 409.
\classnum@=\count291
\DOTSCASE@=\count292
LaTeX Info: Redefining \ldots on input line 495.
LaTeX Info: Redefining \dots on input line 498.
LaTeX Info: Redefining \cdots on input line 619.
\Mathstrutbox@=\box54
\strutbox@=\box55
LaTeX Info: Redefining \big on input line 721.
LaTeX Info: Redefining \Big on input line 722.
LaTeX Info: Redefining \bigg on input line 723.
LaTeX Info: Redefining \Bigg on input line 724.
\big@size=\dimen153
LaTeX Font Info:    Redeclaring font encoding OML on input line 742.
LaTeX Font Info:    Redeclaring font encoding OMS on input line 743.
\macc@depth=\count293
LaTeX Info: Redefining \bmod on input line 904.
LaTeX Info: Redefining \pmod on input line 909.
LaTeX Info: Redefining \smash on input line 939.
LaTeX Info: Redefining \relbar on input line 969.
LaTeX Info: Redefining \Relbar on input line 970.
\c@MaxMatrixCols=\count294
\dotsspace@=\muskip17
\c@parentequation=\count295
\dspbrk@lvl=\count296
\tag@help=\toks23
\row@=\count297
\column@=\count298
\maxfields@=\count299
\andhelp@=\toks24
\eqnshift@=\dimen154
\alignsep@=\dimen155
\tagshift@=\dimen156
\tagwidth@=\dimen157
\totwidth@=\dimen158
\lineht@=\dimen159
\@envbody=\toks25
\multlinegap=\skip53
\multlinetaggap=\skip54
\mathdisplay@stack=\toks26
LaTeX Info: Redefining \[ on input line 2950.
LaTeX Info: Redefining \] on input line 2951.
)
(/usr/local/texlive/2026/texmf-dist/tex/latex/amsfonts/amssymb.sty
Package: amssymb 2013/01/14 v3.01 AMS font symbols

(/usr/local/texlive/2026/texmf-dist/tex/latex/amsfonts/amsfonts.sty
Package: amsfonts 2013/01/14 v3.01 Basic AMSFonts support
\symAMSa=\mathgroup4
\symAMSb=\mathgroup5
LaTeX Font Info:    Redeclaring math symbol \hbar on input line 98.
LaTeX Font Info:    Overwriting math alphabet `\mathfrak' in version `bold'
(Font)                  U/euf/m/n --> U/euf/b/n on input line 106.
))
(/usr/local/texlive/2026/texmf-dist/tex/latex/base/latexsym.sty
Package: latexsym 1998/08/17 v2.2e Standard LaTeX package (lasy symbols)
\symlasy=\mathgroup6
LaTeX Font Info:    Overwriting symbol font `lasy' in version `bold'
(Font)                  U/lasy/m/n --> U/lasy/b/n on input line 52.
)
(/usr/local/texlive/2026/texmf-dist/tex/latex/cancel/cancel.sty
Package: cancel 2013/04/12 v2.2 Cancel math terms
)
(/usr/local/texlive/2026/texmf-dist/tex/latex/hyperref/hyperref.sty
Package: hyperref 2026-01-29 v7.01p Hypertext links for LaTeX

(/usr/local/texlive/2026/texmf-dist/tex/generic/iftex/iftex.sty
Package: iftex 2024/12/12 v1.0g TeX engine tests
)
(/usr/local/texlive/2026/texmf-dist/tex/latex/graphics/keyval.sty
Package: keyval 2022/05/29 v1.15 key=value parser (DPC)
\KV@toks@=\toks27
)
(/usr/local/texlive/2026/texmf-dist/tex/latex/kvsetkeys/kvsetkeys.sty
Package: kvsetkeys 2022-10-05 v1.19 Key value parser (HO)
)
(/usr/local/texlive/2026/texmf-dist/tex/generic/kvdefinekeys/kvdefinekeys.sty
Package: kvdefinekeys 2019-12-19 v1.6 Define keys (HO)
)
(/usr/local/texlive/2026/texmf-dist/tex/generic/pdfescape/pdfescape.sty
Package: pdfescape 2019/12/09 v1.15 Implements pdfTeX's escape features (HO)

(/usr/local/texlive/2026/texmf-dist/tex/generic/ltxcmds/ltxcmds.sty
Package: ltxcmds 2023-12-04 v1.26 LaTeX kernel commands for general use (HO)
)
(/usr/local/texlive/2026/texmf-dist/tex/generic/pdftexcmds/pdftexcmds.sty
Package: pdftexcmds 2020-06-27 v0.33 Utility functions of pdfTeX for LuaTeX (HO
)

(/usr/local/texlive/2026/texmf-dist/tex/generic/infwarerr/infwarerr.sty
Package: infwarerr 2019/12/03 v1.5 Providing info/warning/error messages (HO)
)
Package pdftexcmds Info: \pdf@primitive is available.
Package pdftexcmds Info: \pdf@ifprimitive is available.
Package pdftexcmds Info: \pdfdraftmode found.
))
(/usr/local/texlive/2026/texmf-dist/tex/latex/hycolor/hycolor.sty
Package: hycolor 2020-01-27 v1.10 Color options for hyperref/bookmark (HO)
)
(/usr/local/texlive/2026/texmf-dist/tex/latex/hyperref/nameref.sty
Package: nameref 2026-01-29 v2.58 Cross-referencing by name of section

(/usr/local/texlive/2026/texmf-dist/tex/latex/refcount/refcount.sty
Package: refcount 2019/12/15 v3.6 Data extraction from label references (HO)
)
(/usr/local/texlive/2026/texmf-dist/tex/generic/gettitlestring/gettitlestring.s
ty
Package: gettitlestring 2019/12/15 v1.6 Cleanup title references (HO)
 (/usr/local/texlive/2026/texmf-dist/tex/latex/kvoptions/kvoptions.sty
Package: kvoptions 2022-06-15 v3.15 Key value format for package options (HO)
))
\c@section@level=\count300
)
(/usr/local/texlive/2026/texmf-dist/tex/latex/etoolbox/etoolbox.sty
Package: etoolbox 2025/10/02 v2.5m e-TeX tools for LaTeX (JAW)
\etb@tempcnta=\count301
)
(/usr/local/texlive/2026/texmf-dist/tex/generic/stringenc/stringenc.sty
Package: stringenc 2019/11/29 v1.12 Convert strings between diff. encodings (HO
)
)
\@linkdim=\dimen160
\Hy@linkcounter=\count302
\Hy@pagecounter=\count303

(/usr/local/texlive/2026/texmf-dist/tex/latex/hyperref/pd1enc.def
File: pd1enc.def 2026-01-29 v7.01p Hyperref: PDFDocEncoding definition (HO)
Now handling font encoding PD1 ...
... no UTF-8 mapping file for font encoding PD1
)
(/usr/local/texlive/2026/texmf-dist/tex/generic/intcalc/intcalc.sty
Package: intcalc 2019/12/15 v1.3 Expandable calculations with integers (HO)
)
\Hy@SavedSpaceFactor=\count304

(/usr/local/texlive/2026/texmf-dist/tex/latex/hyperref/puenc.def
File: puenc.def 2026-01-29 v7.01p Hyperref: PDF Unicode definition (HO)
Now handling font encoding PU ...
... no UTF-8 mapping file for font encoding PU
)
Package hyperref Info: Hyper figures OFF on input line 4201.
Package hyperref Info: Link nesting OFF on input line 4206.
Package hyperref Info: Hyper index ON on input line 4209.
Package hyperref Info: Plain pages OFF on input line 4216.
Package hyperref Info: Backreferencing OFF on input line 4221.
Package hyperref Info: Implicit mode ON; LaTeX internals redefined.
Package hyperref Info: Bookmarks ON on input line 4468.
\c@Hy@tempcnt=\count305

(/usr/local/texlive/2026/texmf-dist/tex/latex/url/url.sty
\Urlmuskip=\muskip18
Package: url 2013/09/16  ver 3.4  Verb mode for urls, etc.
)
LaTeX Info: Redefining \url on input line 4807.
\XeTeXLinkMargin=\dimen161

(/usr/local/texlive/2026/texmf-dist/tex/generic/bitset/bitset.sty
Package: bitset 2019/12/09 v1.3 Handle bit-vector datatype (HO)

(/usr/local/texlive/2026/texmf-dist/tex/generic/bigintcalc/bigintcalc.sty
Package: bigintcalc 2019/12/15 v1.5 Expandable calculations on big integers (HO
)
))
\Fld@menulength=\count306
\Field@Width=\dimen162
\Fld@charsize=\dimen163
Package hyperref Info: Hyper figures OFF on input line 6084.
Package hyperref Info: Link nesting OFF on input line 6089.
Package hyperref Info: Hyper index ON on input line 6092.
Package hyperref Info: backreferencing OFF on input line 6099.
Package hyperref Info: Link coloring OFF on input line 6104.
Package hyperref Info: Link coloring with OCG OFF on input line 6109.
Package hyperref Info: PDF/A mode OFF on input line 6114.
\Hy@abspage=\count307
\c@Item=\count308
\c@Hfootnote=\count309
)
Package hyperref Info: Driver (autodetected): hpdftex.

(/usr/local/texlive/2026/texmf-dist/tex/latex/hyperref/hpdftex.def
File: hpdftex.def 2026-01-29 v7.01p Hyperref driver for pdfTeX
\Fld@listcount=\count310
\c@bookmark@seq@number=\count311

(/usr/local/texlive/2026/texmf-dist/tex/latex/rerunfilecheck/rerunfilecheck.sty
Package: rerunfilecheck 2025-06-21 v1.11 Rerun checks for auxiliary files (HO)

(/usr/local/texlive/2026/texmf-dist/tex/generic/uniquecounter/uniquecounter.sty
Package: uniquecounter 2019/12/15 v1.4 Provide unlimited unique counter (HO)
)
Package uniquecounter Info: New unique counter `rerunfilecheck' on input line 2
84.
)
\Hy@SectionHShift=\skip55
) (/usr/local/texlive/2026/texmf-dist/tex/latex/wrapfig/wrapfig.sty
\wrapoverhang=\dimen164
\WF@size=\dimen165
\c@WF@wrappedlines=\count312
\WF@box=\box56
\WF@everypar=\toks28
Package: wrapfig 2003/01/31  v 3.6
)
(/usr/local/texlive/2026/texmf-dist/tex/latex/floatflt/floatflt.sty
Package: floatflt 1997/07/16 v. 1.31
\c@OptionTest=\count313
\figbox=\box57
\tabbox=\box58
\pagebox=\box59
\ffigcount=\count314
\ftabcount=\count315
\fftest=\count316
\hangcount=\count317
\nosuccesstryfig=\count318
\nosuccesstrytab=\count319
\figgutter=\dimen166
\tabgutter=\dimen167
\htdone=\dimen168
\pageht=\dimen169
\startpageht=\dimen170
\tabbredd=\dimen171
\floatfltwidth=\dimen172
\fltitemwidth=\dimen173
\outputpretest=\toks29
)
(/usr/local/texlive/2026/texmf-dist/tex/latex/graphics/graphicx.sty
Package: graphicx 2024/12/31 v1.2e Enhanced LaTeX Graphics (DPC,SPQR)

(/usr/local/texlive/2026/texmf-dist/tex/latex/graphics/graphics.sty
Package: graphics 2024/08/06 v1.4g Standard LaTeX Graphics (DPC,SPQR)

(/usr/local/texlive/2026/texmf-dist/tex/latex/graphics/trig.sty
Package: trig 2023/12/02 v1.11 sin cos tan (DPC)
)
(/usr/local/texlive/2026/texmf-dist/tex/latex/graphics-cfg/graphics.cfg
File: graphics.cfg 2016/06/04 v1.11 sample graphics configuration
)
Package graphics Info: Driver file: pdftex.def on input line 106.

(/usr/local/texlive/2026/texmf-dist/tex/latex/graphics-def/pdftex.def
File: pdftex.def 2025/09/29 v1.2d Graphics/color driver for pdftex
))
\Gin@req@height=\dimen174
\Gin@req@width=\dimen175
)
(/usr/local/texlive/2026/texmf-dist/tex/latex/fancyhdr/fancyhdr.sty
Package: fancyhdr 2025/02/07 v5.2 Extensive control of page headers and footers

\f@nch@headwidth=\skip56
\f@nch@offset@elh=\skip57
\f@nch@offset@erh=\skip58
\f@nch@offset@olh=\skip59
\f@nch@offset@orh=\skip60
\f@nch@offset@elf=\skip61
\f@nch@offset@erf=\skip62
\f@nch@offset@olf=\skip63
\f@nch@offset@orf=\skip64
\f@nch@height=\skip65
\f@nch@footalignment=\skip66
\f@nch@widthL=\skip67
\f@nch@widthC=\skip68
\f@nch@widthR=\skip69
\@temptokenb=\toks30
)
(/usr/local/texlive/2026/texmf-dist/tex/latex/float/float.sty
Package: float 2001/11/08 v1.3d Float enhancements (AL)
\c@float@type=\count320
\float@exts=\toks31
\float@box=\box60
\@float@everytoks=\toks32
\@floatcapt=\box61
)
(/usr/local/texlive/2026/texmf-dist/tex/latex/tools/longtable.sty
Package: longtable 2025-10-13 v4.24 Multi-page Table package (DPC)
\LTleft=\skip70
\LTright=\skip71
\LTpre=\skip72
\LTpost=\skip73
\LTchunksize=\count321
\LTcapwidth=\dimen176
\LT@head=\box62
\LT@firsthead=\box63
\LT@foot=\box64
\LT@lastfoot=\box65
\LT@gbox=\box66
\LT@cols=\count322
\LT@rows=\count323
\c@LT@tables=\count324
\c@LT@chunks=\count325
\LT@p@ftn=\toks33
)
(/usr/local/texlive/2026/texmf-dist/tex/latex/multirow/multirow.sty
Package: multirow 2024/11/12 v2.9 Span multiple rows of a table
\multirow@colwidth=\skip74
\multirow@cntb=\count326
\multirow@dima=\skip75
\bigstrutjot=\dimen177
)
(/usr/local/texlive/2026/texmf-dist/tex/latex/booktabs/booktabs.sty
Package: booktabs 2020/01/12 v1.61803398 Publication quality tables
\heavyrulewidth=\dimen178
\lightrulewidth=\dimen179
\cmidrulewidth=\dimen180
\belowrulesep=\dimen181
\belowbottomsep=\dimen182
\aboverulesep=\dimen183
\abovetopsep=\dimen184
\cmidrulesep=\dimen185
\cmidrulekern=\dimen186
\defaultaddspace=\dimen187
\@cmidla=\count327
\@cmidlb=\count328
\@aboverulesep=\dimen188
\@belowrulesep=\dimen189
\@thisruleclass=\count329
\@lastruleclass=\count330
\@thisrulewidth=\dimen190
)
(/usr/local/texlive/2026/texmf-dist/tex/latex/cite/cite.sty
LaTeX Info: Redefining \cite on input line 302.
LaTeX Info: Redefining \nocite on input line 332.
Package: cite 2015/02/27  v 5.5
)
(/usr/local/texlive/2026/texmf-dist/tex/latex/natbib/natbib.sty
Package: natbib 2010/09/13 8.31b (PWD, AO)


Package natbib Warning: The `cite' package should not be used
(natbib)                with natbib. Use option `sort' instead.

\bibhang=\skip76
\bibsep=\skip77
LaTeX Info: Redefining \cite on input line 694.
LaTeX Info: Redefining \citenum on input line 708.
\c@NAT@ctr=\count331
) (/usr/local/texlive/2026/texmf-dist/tex/latex/tools/multicol.sty
Package: multicol 2025/10/21 v2.0b multicolumn formatting (FMi)
\c@tracingmulticols=\count332
\mult@box=\box67
\multicol@leftmargin=\dimen191
\c@unbalance=\count333
\c@collectmore=\count334
\doublecol@number=\count335
\multicoltolerance=\count336
\multicolpretolerance=\count337
\full@width=\dimen192
\page@free=\dimen193
\premulticols=\dimen194
\postmulticols=\dimen195
\multicolsep=\skip78
\multicolbaselineskip=\skip79
\partial@page=\box68
\last@line=\box69
\mc@boxedresult=\box70
\maxbalancingoverflow=\dimen196
\mult@rightbox=\box71
\mult@grightbox=\box72
\mult@firstbox=\box73
\mult@gfirstbox=\box74
\@tempa=\box75
\@tempa=\box76
\@tempa=\box77
\@tempa=\box78
\@tempa=\box79
\@tempa=\box80
\@tempa=\box81
\@tempa=\box82
\@tempa=\box83
\@tempa=\box84
\@tempa=\box85
\@tempa=\box86
\@tempa=\box87
\@tempa=\box88
\@tempa=\box89
\@tempa=\box90
\@tempa=\box91
\@tempa=\box92
\@tempa=\box93
\@tempa=\box94
\@tempa=\box95
\@tempa=\box96
\@tempa=\box97
\@tempa=\box98
\@tempa=\box99
\@tempa=\box100
\@tempa=\box101
\@tempa=\box102
\@tempa=\box103
\@tempa=\box104
\@tempa=\box105
\@tempa=\box106
\@tempa=\box107
\@tempa=\box108
\@tempa=\box109
\@tempa=\box110
\c@minrows=\count338
\c@columnbadness=\count339
\c@finalcolumnbadness=\count340
\last@try=\dimen197
\multicolovershoot=\dimen198
\multicolundershoot=\dimen199
\mult@nat@firstbox=\box111
\colbreak@box=\box112
\mc@col@check@num=\count341
\g__mc_curr_col_int=\count342
)
(/usr/local/texlive/2026/texmf-dist/tex/latex/caption/caption.sty
Package: caption 2023/08/05 v3.6o Customizing captions (AR)

(/usr/local/texlive/2026/texmf-dist/tex/latex/caption/caption3.sty
Package: caption3 2023/07/31 v2.4d caption3 kernel (AR)
\caption@tempdima=\dimen256
\captionmargin=\dimen257
\caption@leftmargin=\dimen258
\caption@rightmargin=\dimen259
\caption@width=\dimen260
\caption@indent=\dimen261
\caption@parindent=\dimen262
\caption@hangindent=\dimen263
Package caption Info: Standard document class detected.
)
\c@caption@flags=\count343
\c@continuedfloat=\count344
Package caption Info: float package is loaded.
Package caption Info: floatflt package is loaded.
Package caption Info: hyperref package is loaded.
Package caption Info: longtable package is loaded.

(/usr/local/texlive/2026/texmf-dist/tex/latex/caption/ltcaption.sty
Package: ltcaption 2021/01/08 v1.4c longtable captions (AR)
)
Package caption Info: wrapfig package is loaded.
)
(/usr/local/texlive/2026/texmf-dist/tex/latex/sidecap/sidecap.sty
Package: sidecap 2023/01/24 v1.7a SideCap Package (RN/HjG)

(/usr/local/texlive/2026/texmf-dist/tex/latex/base/ifthen.sty
Package: ifthen 2024/03/16 v1.1e Standard LaTeX ifthen package (DPC)
)
\SC@BOXWD=\dimen264
\SC@CAPWD=\dimen265
\SC@tempdima=\dimen266
\SC@tempdimb=\dimen267
\c@SC@C=\count345
\SC@BOX=\box113
)
(/usr/local/texlive/2026/texmf-dist/tex/latex/adjustbox/adjustbox.sty
Package: adjustbox 2025/02/26 v1.3c Adjusting TeX boxes (trim, clip, ...)

(/usr/local/texlive/2026/texmf-dist/tex/latex/xkeyval/xkeyval.sty
Package: xkeyval 2025/11/04 v2.10 package option processing (HA)

(/usr/local/texlive/2026/texmf-dist/tex/generic/xkeyval/xkeyval.tex
(/usr/local/texlive/2026/texmf-dist/tex/generic/xkeyval/xkvutils.tex
\XKV@toks=\toks34
\XKV@tempa@toks=\toks35
\XKV@tempb@toks=\toks36
)
\XKV@depth=\count346
File: xkeyval.tex 2014/12/03 v2.7a key=value parser (HA)
))
(/usr/local/texlive/2026/texmf-dist/tex/latex/adjustbox/adjcalc.sty
Package: adjcalc 2012/05/16 v1.1 Provides advanced setlength with multiple back
-ends (calc, etex, pgfmath)
)
(/usr/local/texlive/2026/texmf-dist/tex/latex/adjustbox/trimclip.sty
Package: trimclip 2025/02/21 v1.2a Trim and clip general TeX material

(/usr/local/texlive/2026/texmf-dist/tex/latex/collectbox/collectbox.sty
Package: collectbox 2022/10/17 v0.4c Collect macro arguments as boxes
\collectedbox=\box114
)
\tc@llx=\dimen268
\tc@lly=\dimen269
\tc@urx=\dimen270
\tc@ury=\dimen271
Package trimclip Info: Using driver 'tc-pdftex.def'.

(/usr/local/texlive/2026/texmf-dist/tex/latex/adjustbox/tc-pdftex.def
File: tc-pdftex.def 2025/02/26 v2.3 Clipping driver for pdftex
))
\adjbox@Width=\dimen272
\adjbox@Height=\dimen273
\adjbox@Depth=\dimen274
\adjbox@Totalheight=\dimen275
\adjbox@pwidth=\dimen276
\adjbox@pheight=\dimen277
\adjbox@pdepth=\dimen278
\adjbox@ptotalheight=\dimen279

(/usr/local/texlive/2026/texmf-dist/tex/latex/ifoddpage/ifoddpage.sty
Package: ifoddpage 2022/10/18 v1.2 Conditionals for odd/even page detection
\c@checkoddpage=\count347
)
(/usr/local/texlive/2026/texmf-dist/tex/latex/varwidth/varwidth.sty
Package: varwidth 2009/03/30 ver 0.92;  Variable-width minipages
\@vwid@box=\box115
\sift@deathcycles=\count348
\@vwid@loff=\dimen280
\@vwid@roff=\dimen281
)
==> First Aid for varwidth.sty applied!
) (/usr/local/texlive/2026/texmf-dist/tex/latex/parskip/parskip.sty
Package: parskip 2021-03-14 v2.0h non-zero parskip adjustments
)
(/usr/local/texlive/2026/texmf-dist/tex/latex/pgf/frontendlayer/tikz.sty
(/usr/local/texlive/2026/texmf-dist/tex/latex/pgf/basiclayer/pgf.sty
(/usr/local/texlive/2026/texmf-dist/tex/latex/pgf/utilities/pgfrcs.sty
(/usr/local/texlive/2026/texmf-dist/tex/generic/pgf/utilities/pgfutil-common.te
x
\pgfutil@everybye=\toks37
\pgfutil@tempdima=\dimen282
\pgfutil@tempdimb=\dimen283
)
(/usr/local/texlive/2026/texmf-dist/tex/generic/pgf/utilities/pgfutil-latex.def
\pgfutil@abb=\box116
) (/usr/local/texlive/2026/texmf-dist/tex/generic/pgf/utilities/pgfrcs.code.tex
(/usr/local/texlive/2026/texmf-dist/tex/generic/pgf/pgf.revision.tex)
Package: pgfrcs 2025-08-29 v3.1.11a (3.1.11a)
))
Package: pgf 2025-08-29 v3.1.11a (3.1.11a)

(/usr/local/texlive/2026/texmf-dist/tex/latex/pgf/basiclayer/pgfcore.sty
(/usr/local/texlive/2026/texmf-dist/tex/latex/pgf/systemlayer/pgfsys.sty
(/usr/local/texlive/2026/texmf-dist/tex/generic/pgf/systemlayer/pgfsys.code.tex
Package: pgfsys 2025-08-29 v3.1.11a (3.1.11a)
(/usr/local/texlive/2026/texmf-dist/tex/generic/pgf/utilities/pgfkeys.code.tex
\pgfkeys@pathtoks=\toks38
\pgfkeys@temptoks=\toks39

(/usr/local/texlive/2026/texmf-dist/tex/generic/pgf/utilities/pgfkeyslibraryfil
tered.code.tex
\pgfkeys@tmptoks=\toks40
))
\pgf@x=\dimen284
\pgf@y=\dimen285
\pgf@xa=\dimen286
\pgf@ya=\dimen287
\pgf@xb=\dimen288
\pgf@yb=\dimen289
\pgf@xc=\dimen290
\pgf@yc=\dimen291
\pgf@xd=\dimen292
\pgf@yd=\dimen293
\w@pgf@writea=\write3
\r@pgf@reada=\read3
\c@pgf@counta=\count349
\c@pgf@countb=\count350
\c@pgf@countc=\count351
\c@pgf@countd=\count352
\t@pgf@toka=\toks41
\t@pgf@tokb=\toks42
\t@pgf@tokc=\toks43
\pgf@sys@id@count=\count353

(/usr/local/texlive/2026/texmf-dist/tex/generic/pgf/systemlayer/pgf.cfg
File: pgf.cfg 2025-08-29 v3.1.11a (3.1.11a)
)
Driver file for pgf: pgfsys-pdftex.def

(/usr/local/texlive/2026/texmf-dist/tex/generic/pgf/systemlayer/pgfsys-pdftex.d
ef
File: pgfsys-pdftex.def 2025-08-29 v3.1.11a (3.1.11a)

(/usr/local/texlive/2026/texmf-dist/tex/generic/pgf/systemlayer/pgfsys-common-p
df.def
File: pgfsys-common-pdf.def 2025-08-29 v3.1.11a (3.1.11a)
)))
(/usr/local/texlive/2026/texmf-dist/tex/generic/pgf/systemlayer/pgfsyssoftpath.
code.tex
File: pgfsyssoftpath.code.tex 2025-08-29 v3.1.11a (3.1.11a)
\pgfsyssoftpath@smallbuffer@items=\count354
\pgfsyssoftpath@bigbuffer@items=\count355
)
(/usr/local/texlive/2026/texmf-dist/tex/generic/pgf/systemlayer/pgfsysprotocol.
code.tex
File: pgfsysprotocol.code.tex 2025-08-29 v3.1.11a (3.1.11a)
)) (/usr/local/texlive/2026/texmf-dist/tex/latex/xcolor/xcolor.sty
Package: xcolor 2024/09/29 v3.02 LaTeX color extensions (UK)

(/usr/local/texlive/2026/texmf-dist/tex/latex/graphics-cfg/color.cfg
File: color.cfg 2016/01/02 v1.6 sample color configuration
)
Package xcolor Info: Driver file: pdftex.def on input line 274.

(/usr/local/texlive/2026/texmf-dist/tex/latex/graphics/mathcolor.ltx)
Package xcolor Info: Model `cmy' substituted by `cmy0' on input line 1349.
Package xcolor Info: Model `hsb' substituted by `rgb' on input line 1353.
Package xcolor Info: Model `RGB' extended on input line 1365.
Package xcolor Info: Model `HTML' substituted by `rgb' on input line 1367.
Package xcolor Info: Model `Hsb' substituted by `hsb' on input line 1368.
Package xcolor Info: Model `tHsb' substituted by `hsb' on input line 1369.
Package xcolor Info: Model `HSB' substituted by `hsb' on input line 1370.
Package xcolor Info: Model `Gray' substituted by `gray' on input line 1371.
Package xcolor Info: Model `wave' substituted by `hsb' on input line 1372.
)
(/usr/local/texlive/2026/texmf-dist/tex/generic/pgf/basiclayer/pgfcore.code.tex
Package: pgfcore 2025-08-29 v3.1.11a (3.1.11a)
(/usr/local/texlive/2026/texmf-dist/tex/generic/pgf/math/pgfmath.code.tex
(/usr/local/texlive/2026/texmf-dist/tex/generic/pgf/math/pgfmathutil.code.tex)
(/usr/local/texlive/2026/texmf-dist/tex/generic/pgf/math/pgfmathparser.code.tex
\pgfmath@dimen=\dimen294
\pgfmath@count=\count356
\pgfmath@box=\box117
\pgfmath@toks=\toks44
\pgfmath@stack@operand=\toks45
\pgfmath@stack@operation=\toks46
)
(/usr/local/texlive/2026/texmf-dist/tex/generic/pgf/math/pgfmathfunctions.code.
tex)
(/usr/local/texlive/2026/texmf-dist/tex/generic/pgf/math/pgfmathfunctions.basic
.code.tex)
(/usr/local/texlive/2026/texmf-dist/tex/generic/pgf/math/pgfmathfunctions.trigo
nometric.code.tex)
(/usr/local/texlive/2026/texmf-dist/tex/generic/pgf/math/pgfmathfunctions.rando
m.code.tex)
(/usr/local/texlive/2026/texmf-dist/tex/generic/pgf/math/pgfmathfunctions.compa
rison.code.tex)
(/usr/local/texlive/2026/texmf-dist/tex/generic/pgf/math/pgfmathfunctions.base.
code.tex)
(/usr/local/texlive/2026/texmf-dist/tex/generic/pgf/math/pgfmathfunctions.round
.code.tex)
(/usr/local/texlive/2026/texmf-dist/tex/generic/pgf/math/pgfmathfunctions.misc.
code.tex)
(/usr/local/texlive/2026/texmf-dist/tex/generic/pgf/math/pgfmathfunctions.integ
erarithmetics.code.tex)
(/usr/local/texlive/2026/texmf-dist/tex/generic/pgf/math/pgfmathcalc.code.tex)
(/usr/local/texlive/2026/texmf-dist/tex/generic/pgf/math/pgfmathfloat.code.tex
\c@pgfmathroundto@lastzeros=\count357
)) (/usr/local/texlive/2026/texmf-dist/tex/generic/pgf/math/pgfint.code.tex)
(/usr/local/texlive/2026/texmf-dist/tex/generic/pgf/basiclayer/pgfcorepoints.co
de.tex
File: pgfcorepoints.code.tex 2025-08-29 v3.1.11a (3.1.11a)
\pgf@picminx=\dimen295
\pgf@picmaxx=\dimen296
\pgf@picminy=\dimen297
\pgf@picmaxy=\dimen298
\pgf@pathminx=\dimen299
\pgf@pathmaxx=\dimen300
\pgf@pathminy=\dimen301
\pgf@pathmaxy=\dimen302
\pgf@xx=\dimen303
\pgf@xy=\dimen304
\pgf@yx=\dimen305
\pgf@yy=\dimen306
\pgf@zx=\dimen307
\pgf@zy=\dimen308
)
(/usr/local/texlive/2026/texmf-dist/tex/generic/pgf/basiclayer/pgfcorepathconst
ruct.code.tex
File: pgfcorepathconstruct.code.tex 2025-08-29 v3.1.11a (3.1.11a)
\pgf@path@lastx=\dimen309
\pgf@path@lasty=\dimen310
)
(/usr/local/texlive/2026/texmf-dist/tex/generic/pgf/basiclayer/pgfcorepathusage
.code.tex
File: pgfcorepathusage.code.tex 2025-08-29 v3.1.11a (3.1.11a)
\pgf@shorten@end@additional=\dimen311
\pgf@shorten@start@additional=\dimen312
)
(/usr/local/texlive/2026/texmf-dist/tex/generic/pgf/basiclayer/pgfcorescopes.co
de.tex
File: pgfcorescopes.code.tex 2025-08-29 v3.1.11a (3.1.11a)
\pgfpic=\box118
\pgf@hbox=\box119
\pgf@layerbox@main=\box120
\pgf@picture@serial@count=\count358
)
(/usr/local/texlive/2026/texmf-dist/tex/generic/pgf/basiclayer/pgfcoregraphicst
ate.code.tex
File: pgfcoregraphicstate.code.tex 2025-08-29 v3.1.11a (3.1.11a)
\pgflinewidth=\dimen313
)
(/usr/local/texlive/2026/texmf-dist/tex/generic/pgf/basiclayer/pgfcoretransform
ations.code.tex
File: pgfcoretransformations.code.tex 2025-08-29 v3.1.11a (3.1.11a)
\pgf@pt@x=\dimen314
\pgf@pt@y=\dimen315
\pgf@pt@temp=\dimen316
)
(/usr/local/texlive/2026/texmf-dist/tex/generic/pgf/basiclayer/pgfcorequick.cod
e.tex
File: pgfcorequick.code.tex 2025-08-29 v3.1.11a (3.1.11a)
)
(/usr/local/texlive/2026/texmf-dist/tex/generic/pgf/basiclayer/pgfcoreobjects.c
ode.tex
File: pgfcoreobjects.code.tex 2025-08-29 v3.1.11a (3.1.11a)
)
(/usr/local/texlive/2026/texmf-dist/tex/generic/pgf/basiclayer/pgfcorepathproce
ssing.code.tex
File: pgfcorepathprocessing.code.tex 2025-08-29 v3.1.11a (3.1.11a)
)
(/usr/local/texlive/2026/texmf-dist/tex/generic/pgf/basiclayer/pgfcorearrows.co
de.tex
File: pgfcorearrows.code.tex 2025-08-29 v3.1.11a (3.1.11a)
\pgfarrowsep=\dimen317
)
(/usr/local/texlive/2026/texmf-dist/tex/generic/pgf/basiclayer/pgfcoreshade.cod
e.tex
File: pgfcoreshade.code.tex 2025-08-29 v3.1.11a (3.1.11a)
\pgf@max=\dimen318
\pgf@sys@shading@range@num=\count359
\pgf@shadingcount=\count360
)
(/usr/local/texlive/2026/texmf-dist/tex/generic/pgf/basiclayer/pgfcoreimage.cod
e.tex
File: pgfcoreimage.code.tex 2025-08-29 v3.1.11a (3.1.11a)
)
(/usr/local/texlive/2026/texmf-dist/tex/generic/pgf/basiclayer/pgfcoreexternal.
code.tex
File: pgfcoreexternal.code.tex 2025-08-29 v3.1.11a (3.1.11a)
\pgfexternal@startupbox=\box121
)
(/usr/local/texlive/2026/texmf-dist/tex/generic/pgf/basiclayer/pgfcorelayers.co
de.tex
File: pgfcorelayers.code.tex 2025-08-29 v3.1.11a (3.1.11a)
)
(/usr/local/texlive/2026/texmf-dist/tex/generic/pgf/basiclayer/pgfcoretranspare
ncy.code.tex
File: pgfcoretransparency.code.tex 2025-08-29 v3.1.11a (3.1.11a)
)
(/usr/local/texlive/2026/texmf-dist/tex/generic/pgf/basiclayer/pgfcorepatterns.
code.tex
File: pgfcorepatterns.code.tex 2025-08-29 v3.1.11a (3.1.11a)
)
(/usr/local/texlive/2026/texmf-dist/tex/generic/pgf/basiclayer/pgfcorerdf.code.
tex
File: pgfcorerdf.code.tex 2025-08-29 v3.1.11a (3.1.11a)
)))
(/usr/local/texlive/2026/texmf-dist/tex/generic/pgf/modules/pgfmoduleshapes.cod
e.tex
File: pgfmoduleshapes.code.tex 2025-08-29 v3.1.11a (3.1.11a)
\pgfnodeparttextbox=\box122
)
(/usr/local/texlive/2026/texmf-dist/tex/generic/pgf/modules/pgfmoduleplot.code.
tex
File: pgfmoduleplot.code.tex 2025-08-29 v3.1.11a (3.1.11a)
)
(/usr/local/texlive/2026/texmf-dist/tex/latex/pgf/compatibility/pgfcomp-version
-0-65.sty
Package: pgfcomp-version-0-65 2025-08-29 v3.1.11a (3.1.11a)
\pgf@nodesepstart=\dimen319
\pgf@nodesepend=\dimen320
)
(/usr/local/texlive/2026/texmf-dist/tex/latex/pgf/compatibility/pgfcomp-version
-1-18.sty
Package: pgfcomp-version-1-18 2025-08-29 v3.1.11a (3.1.11a)
))
(/usr/local/texlive/2026/texmf-dist/tex/latex/pgf/utilities/pgffor.sty
(/usr/local/texlive/2026/texmf-dist/tex/latex/pgf/utilities/pgfkeys.sty
(/usr/local/texlive/2026/texmf-dist/tex/generic/pgf/utilities/pgfkeys.code.tex)
) (/usr/local/texlive/2026/texmf-dist/tex/latex/pgf/math/pgfmath.sty
(/usr/local/texlive/2026/texmf-dist/tex/generic/pgf/math/pgfmath.code.tex))
(/usr/local/texlive/2026/texmf-dist/tex/generic/pgf/utilities/pgffor.code.tex
Package: pgffor 2025-08-29 v3.1.11a (3.1.11a)
\pgffor@iter=\dimen321
\pgffor@skip=\dimen322
\pgffor@stack=\toks47
\pgffor@toks=\toks48
))
(/usr/local/texlive/2026/texmf-dist/tex/generic/pgf/frontendlayer/tikz/tikz.cod
e.tex
Package: tikz 2025-08-29 v3.1.11a (3.1.11a)

(/usr/local/texlive/2026/texmf-dist/tex/generic/pgf/libraries/pgflibraryplothan
dlers.code.tex
File: pgflibraryplothandlers.code.tex 2025-08-29 v3.1.11a (3.1.11a)
\pgf@plot@mark@count=\count361
\pgfplotmarksize=\dimen323
)
\tikz@lastx=\dimen324
\tikz@lasty=\dimen325
\tikz@lastxsaved=\dimen326
\tikz@lastysaved=\dimen327
\tikz@lastmovetox=\dimen328
\tikz@lastmovetoy=\dimen329
\tikzleveldistance=\dimen330
\tikzsiblingdistance=\dimen331
\tikz@figbox=\box123
\tikz@figbox@bg=\box124
\tikz@tempbox=\box125
\tikz@tempbox@bg=\box126
\tikztreelevel=\count362
\tikznumberofchildren=\count363
\tikznumberofcurrentchild=\count364
\tikz@fig@count=\count365

(/usr/local/texlive/2026/texmf-dist/tex/generic/pgf/modules/pgfmodulematrix.cod
e.tex
File: pgfmodulematrix.code.tex 2025-08-29 v3.1.11a (3.1.11a)
\pgfmatrixcurrentrow=\count366
\pgfmatrixcurrentcolumn=\count367
\pgf@matrix@numberofcolumns=\count368
)
\tikz@expandcount=\count369

(/usr/local/texlive/2026/texmf-dist/tex/generic/pgf/frontendlayer/tikz/librarie
s/tikzlibrarytopaths.code.tex
File: tikzlibrarytopaths.code.tex 2025-08-29 v3.1.11a (3.1.11a)
)))
(/usr/local/texlive/2026/texmf-dist/tex/latex/lipsum/lipsum.sty
(/usr/local/texlive/2026/texmf-dist/tex/latex/l3packages/l3keys2e/l3keys2e.sty
(/usr/local/texlive/2026/texmf-dist/tex/latex/l3kernel/expl3.sty
Package: expl3 2026-01-19 L3 programming layer (loader) 

(/usr/local/texlive/2026/texmf-dist/tex/latex/l3backend/l3backend-pdftex.def
File: l3backend-pdftex.def 2025-10-09 L3 backend support: PDF output (pdfTeX)
\l__color_backend_stack_int=\count370
))
Package: l3keys2e 2025-10-09 LaTeX2e option processing using LaTeX3 keys
)
Package: lipsum 2021-09-20 v2.7 150 paragraphs of Lorem Ipsum dummy text
\g__lipsum_par_int=\count371
\l__lipsum_a_int=\count372
\l__lipsum_b_int=\count373
(/usr/local/texlive/2026/texmf-dist/tex/latex/lipsum/lipsum.ltd.tex))

Package fancyhdr Warning: \fancyfoot's `E' option without twoside option is use
less.
(fancyhdr)                Please consider using the `twoside' option on input l
ine 57.

(./main.aux
LaTeX Info: Redefining \. on input line 9.
LaTeX Info: Redefining \% on input line 9.
Package babel Info: 'spanish' activates 'spanish' shorthands.
(babel)             Reported on input line 9.
)
\openout1 = `main.aux'.

LaTeX Font Info:    Checking defaults for OML/cmm/m/it on input line 62.
LaTeX Font Info:    ... okay on input line 62.
LaTeX Font Info:    Checking defaults for OMS/cmsy/m/n on input line 62.
LaTeX Font Info:    ... okay on input line 62.
LaTeX Font Info:    Checking defaults for OT1/cmr/m/n on input line 62.
LaTeX Font Info:    ... okay on input line 62.
LaTeX Font Info:    Checking defaults for T1/cmr/m/n on input line 62.
LaTeX Font Info:    ... okay on input line 62.
LaTeX Font Info:    Checking defaults for TS1/cmr/m/n on input line 62.
LaTeX Font Info:    ... okay on input line 62.
LaTeX Font Info:    Checking defaults for OMX/cmex/m/n on input line 62.
LaTeX Font Info:    ... okay on input line 62.
LaTeX Font Info:    Checking defaults for U/cmr/m/n on input line 62.
LaTeX Font Info:    ... okay on input line 62.
LaTeX Font Info:    Checking defaults for PD1/pdf/m/n on input line 62.
LaTeX Font Info:    ... okay on input line 62.
LaTeX Font Info:    Checking defaults for PU/pdf/m/n on input line 62.
LaTeX Font Info:    ... okay on input line 62.
LaTeX Info: Redefining \. on input line 62.
LaTeX Info: Redefining \% on input line 62.
Package hyperref Info: Link coloring OFF on input line 62.
 (./main.out) (./main.out)
\@outlinefile=\write4
\openout4 = `main.out'.


(/usr/local/texlive/2026/texmf-dist/tex/context/base/mkii/supp-pdf.mkii
[Loading MPS to PDF converter (version 2006.09.02).]
\scratchcounter=\count374
\scratchdimen=\dimen332
\scratchbox=\box127
\nofMPsegments=\count375
\nofMParguments=\count376
\everyMPshowfont=\toks49
\MPscratchCnt=\count377
\MPscratchDim=\dimen333
\MPnumerator=\count378
\makeMPintoPDFobject=\count379
\everyMPtoPDFconversion=\toks50
) (/usr/local/texlive/2026/texmf-dist/tex/latex/epstopdf-pkg/epstopdf-base.sty
Package: epstopdf-base 2020-01-24 v2.11 Base part for package epstopdf
Package epstopdf-base Info: Redefining graphics rule for `.eps' on input line 4
85.

(/usr/local/texlive/2026/texmf-dist/tex/latex/latexconfig/epstopdf-sys.cfg
File: epstopdf-sys.cfg 2010/07/13 v1.3 Configuration of (r)epstopdf for TeX Liv
e
))
Package caption Info: Begin \AtBeginDocument code.
Package caption Info: sidecap package is loaded.
Package caption Info: End \AtBeginDocument code.

(/usr/local/texlive/2026/texmf-dist/tex/latex/ragged2e/ragged2e.sty
Package: ragged2e 2023/06/22 v3.6 ragged2e Package
\CenteringLeftskip=\skip80
\RaggedLeftLeftskip=\skip81
\RaggedRightLeftskip=\skip82
\CenteringRightskip=\skip83
\RaggedLeftRightskip=\skip84
\RaggedRightRightskip=\skip85
\CenteringParfillskip=\skip86
\RaggedLeftParfillskip=\skip87
\RaggedRightParfillskip=\skip88
\JustifyingParfillskip=\skip89
\CenteringParindent=\skip90
\RaggedLeftParindent=\skip91
\RaggedRightParindent=\skip92
\JustifyingParindent=\skip93
)
(./portada.tex
<figures/ORT.png, id=103, 2055.68pt x 1410.26875pt>
File: figures/ORT.png Graphic file (type png)
<use figures/ORT.png>
Package pdftex.def Info: figures/ORT.png  used on input line 6.
(pdftex.def)             Requested size: 113.81102pt x 78.07071pt.
) [1

{/usr/local/texlive/2026/texmf-var/fonts/map/pdftex/updmap/pdftex.map} <./figur
es/ORT.png>] (./main.toc
LaTeX Info: Redefining \. on input line 1.
LaTeX Info: Redefining \% on input line 1.
LaTeX Font Info:    Trying to load font information for U+msa on input line 4.

(/usr/local/texlive/2026/texmf-dist/tex/latex/amsfonts/umsa.fd
File: umsa.fd 2013/01/14 v3.01 AMS symbols A
)
LaTeX Font Info:    Trying to load font information for U+msb on input line 4.

(/usr/local/texlive/2026/texmf-dist/tex/latex/amsfonts/umsb.fd
File: umsb.fd 2013/01/14 v3.01 AMS symbols B
)
LaTeX Font Info:    Trying to load font information for U+lasy on input line 4.


(/usr/local/texlive/2026/texmf-dist/tex/latex/base/ulasy.fd
File: ulasy.fd 1998/08/17 v2.2e LaTeX symbol font definitions
))
\tf@toc=\write5
\openout5 = `main.toc'.

File: figures/ORT.png Graphic file (type png)
<use figures/ORT.png>
Package pdftex.def Info: figures/ORT.png  used on input line 68.
(pdftex.def)             Requested size: 41.46732pt x 28.45274pt.
 [2]
File: figures/ORT.png Graphic file (type png)
<use figures/ORT.png>
Package pdftex.def Info: figures/ORT.png  used on input line 87.
(pdftex.def)             Requested size: 41.46732pt x 28.45274pt.
 [3]
File: figures/ORT.png Graphic file (type png)
<use figures/ORT.png>
Package pdftex.def Info: figures/ORT.png  used on input line 104.
(pdftex.def)             Requested size: 41.46732pt x 28.45274pt.
 [4]
File: figures/ORT.png Graphic file (type png)
<use figures/ORT.png>
Package pdftex.def Info: figures/ORT.png  used on input line 133.
(pdftex.def)             Requested size: 41.46732pt x 28.45274pt.

[5]
File: figures/ORT.png Graphic file (type png)
<use figures/ORT.png>
Package pdftex.def Info: figures/ORT.png  used on input line 164.
(pdftex.def)             Requested size: 41.46732pt x 28.45274pt.
 [6]
File: figures/ORT.png Graphic file (type png)
<use figures/ORT.png>
Package pdftex.def Info: figures/ORT.png  used on input line 202.
(pdftex.def)             Requested size: 41.46732pt x 28.45274pt.
 [7]
File: figures/ORT.png Graphic file (type png)
<use figures/ORT.png>
Package pdftex.def Info: figures/ORT.png  used on input line 236.
(pdftex.def)             Requested size: 41.46732pt x 28.45274pt.
 [8]
File: figures/ORT.png Graphic file (type png)
<use figures/ORT.png>
Package pdftex.def Info: figures/ORT.png  used on input line 265.
(pdftex.def)             Requested size: 41.46732pt x 28.45274pt.
 [9]
File: figures/ORT.png Graphic file (type png)
<use figures/ORT.png>
Package pdftex.def Info: figures/ORT.png  used on input line 293.
(pdftex.def)             Requested size: 41.46732pt x 28.45274pt.
 [10]
File: figures/ORT.png Graphic file (type png)
<use figures/ORT.png>
Package pdftex.def Info: figures/ORT.png  used on input line 314.
(pdftex.def)             Requested size: 41.46732pt x 28.45274pt.
 [11]
File: figures/ORT.png Graphic file (type png)
<use figures/ORT.png>
Package pdftex.def Info: figures/ORT.png  used on input line 344.
(pdftex.def)             Requested size: 41.46732pt x 28.45274pt.
 [12]
<figures/RPS/fp_vs_fp.png, id=198, 1300.86pt x 361.35pt>
File: figures/RPS/fp_vs_fp.png Graphic file (type png)
<use figures/RPS/fp_vs_fp.png>
Package pdftex.def Info: figures/RPS/fp_vs_fp.png  used on input line 357.
(pdftex.def)             Requested size: 512.1496pt x 142.26578pt.
<figures/RPS/simplex_fp_vs_fp.png, id=199, 939.51pt x 433.62pt>
File: figures/RPS/simplex_fp_vs_fp.png Graphic file (type png)
<use figures/RPS/simplex_fp_vs_fp.png>
Package pdftex.def Info: figures/RPS/simplex_fp_vs_fp.png  used on input line 3
63.
(pdftex.def)             Requested size: 512.1496pt x 236.37445pt.
File: figures/ORT.png Graphic file (type png)
<use figures/ORT.png>
Package pdftex.def Info: figures/ORT.png  used on input line 366.
(pdftex.def)             Requested size: 41.46732pt x 28.45274pt.
 [13 <./figures/RPS/fp_vs_fp.png>]
<figures/RPS/rm_vs_rm.png, id=208, 1300.86pt x 361.35pt>
File: figures/RPS/rm_vs_rm.png Graphic file (type png)
<use figures/RPS/rm_vs_rm.png>
Package pdftex.def Info: figures/RPS/rm_vs_rm.png  used on input line 377.
(pdftex.def)             Requested size: 512.1496pt x 142.26578pt.
File: figures/ORT.png Graphic file (type png)
<use figures/ORT.png>
Package pdftex.def Info: figures/ORT.png  used on input line 380.
(pdftex.def)             Requested size: 41.46732pt x 28.45274pt.
 [14 <./figures/RPS/simplex_fp_vs_fp.png>]
<figures/RPS/simplex_rm_vs_rm.png, id=215, 939.51pt x 433.62pt>
File: figures/RPS/simplex_rm_vs_rm.png Graphic file (type png)
<use figures/RPS/simplex_rm_vs_rm.png>
Package pdftex.def Info: figures/RPS/simplex_rm_vs_rm.png  used on input line 3
83.
(pdftex.def)             Requested size: 512.1496pt x 236.37445pt.
File: figures/ORT.png Graphic file (type png)
<use figures/ORT.png>
Package pdftex.def Info: figures/ORT.png  used on input line 390.
(pdftex.def)             Requested size: 41.46732pt x 28.45274pt.
 [15 <./figures/RPS/rm_vs_rm.png> <./figures/RPS/simplex_rm_vs_rm.png>]
<figures/RPS/iql_vs_iql.png, id=225, 1300.86pt x 361.35pt>
File: figures/RPS/iql_vs_iql.png Graphic file (type png)
<use figures/RPS/iql_vs_iql.png>
Package pdftex.def Info: figures/RPS/iql_vs_iql.png  used on input line 395.
(pdftex.def)             Requested size: 512.1496pt x 142.26578pt.
<figures/RPS/simplex_iql_vs_iql.png, id=226, 939.51pt x 433.62pt>
File: figures/RPS/simplex_iql_vs_iql.png Graphic file (type png)
<use figures/RPS/simplex_iql_vs_iql.png>
Package pdftex.def Info: figures/RPS/simplex_iql_vs_iql.png  used on input line
 401.
(pdftex.def)             Requested size: 512.1496pt x 236.37445pt.
File: figures/ORT.png Graphic file (type png)
<use figures/ORT.png>
Package pdftex.def Info: figures/ORT.png  used on input line 406.
(pdftex.def)             Requested size: 41.46732pt x 28.45274pt.
 [16 <./figures/RPS/iql_vs_iql.png> <./figures/RPS/simplex_iql_vs_iql.png>]
<figures/RPS/jalam_vs_jalam.png, id=236, 1300.86pt x 361.35pt>
File: figures/RPS/jalam_vs_jalam.png Graphic file (type png)
<use figures/RPS/jalam_vs_jalam.png>
Package pdftex.def Info: figures/RPS/jalam_vs_jalam.png  used on input line 417
.
(pdftex.def)             Requested size: 512.1496pt x 142.26578pt.
<figures/RPS/simplex_jalam_vs_jalam.png, id=237, 939.51pt x 433.62pt>
File: figures/RPS/simplex_jalam_vs_jalam.png Graphic file (type png)
<use figures/RPS/simplex_jalam_vs_jalam.png>
Package pdftex.def Info: figures/RPS/simplex_jalam_vs_jalam.png  used on input 
line 423.
(pdftex.def)             Requested size: 512.1496pt x 236.37445pt.
File: figures/ORT.png Graphic file (type png)
<use figures/ORT.png>
Package pdftex.def Info: figures/ORT.png  used on input line 426.
(pdftex.def)             Requested size: 41.46732pt x 28.45274pt.
 [17 <./figures/RPS/jalam_vs_jalam.png>]
File: figures/ORT.png Graphic file (type png)
<use figures/ORT.png>
Package pdftex.def Info: figures/ORT.png  used on input line 434.
(pdftex.def)             Requested size: 41.46732pt x 28.45274pt.
 [18 <./figures/RPS/simplex_jalam_vs_jalam.png>]
<figures/RPS/fp_vs_rm.png, id=251, 1300.86pt x 361.35pt>
File: figures/RPS/fp_vs_rm.png Graphic file (type png)
<use figures/RPS/fp_vs_rm.png>
Package pdftex.def Info: figures/RPS/fp_vs_rm.png  used on input line 444.
(pdftex.def)             Requested size: 512.1496pt x 142.26578pt.
<figures/RPS/simplex_fp_vs_rm.png, id=252, 939.51pt x 433.62pt>
File: figures/RPS/simplex_fp_vs_rm.png Graphic file (type png)
<use figures/RPS/simplex_fp_vs_rm.png>
Package pdftex.def Info: figures/RPS/simplex_fp_vs_rm.png  used on input line 4
50.
(pdftex.def)             Requested size: 512.1496pt x 236.37445pt.
File: figures/ORT.png Graphic file (type png)
<use figures/ORT.png>
Package pdftex.def Info: figures/ORT.png  used on input line 453.
(pdftex.def)             Requested size: 41.46732pt x 28.45274pt.
 [19 <./figures/RPS/fp_vs_rm.png>]
File: figures/ORT.png Graphic file (type png)
<use figures/ORT.png>
Package pdftex.def Info: figures/ORT.png  used on input line 463.
(pdftex.def)             Requested size: 41.46732pt x 28.45274pt.
 [20 <./figures/RPS/simplex_fp_vs_rm.png>]
<figures/RPS/vs_random_comparison.png, id=267, 722.7pt x 361.35pt>
File: figures/RPS/vs_random_comparison.png Graphic file (type png)
<use figures/RPS/vs_random_comparison.png>
Package pdftex.def Info: figures/RPS/vs_random_comparison.png  used on input li
ne 476.
(pdftex.def)             Requested size: 358.50314pt x 179.252pt.
File: figures/ORT.png Graphic file (type png)
<use figures/ORT.png>
Package pdftex.def Info: figures/ORT.png  used on input line 479.
(pdftex.def)             Requested size: 41.46732pt x 28.45274pt.
 [21]
<figures/RPS/all_algos_distance_ne.png, id=272, 794.97pt x 361.35pt>
File: figures/RPS/all_algos_distance_ne.png Graphic file (type png)
<use figures/RPS/all_algos_distance_ne.png>
Package pdftex.def Info: figures/RPS/all_algos_distance_ne.png  used on input l
ine 490.
(pdftex.def)             Requested size: 512.1496pt x 232.80154pt.
File: figures/ORT.png Graphic file (type png)
<use figures/ORT.png>
Package pdftex.def Info: figures/ORT.png  used on input line 493.
(pdftex.def)             Requested size: 41.46732pt x 28.45274pt.
 [22 <./figures/RPS/vs_random_comparison.png>]
File: figures/ORT.png Graphic file (type png)
<use figures/ORT.png>
Package pdftex.def Info: figures/ORT.png  used on input line 505.
(pdftex.def)             Requested size: 41.46732pt x 28.45274pt.

[23 <./figures/RPS/all_algos_distance_ne.png>]
File: figures/ORT.png Graphic file (type png)
<use figures/ORT.png>
Package pdftex.def Info: figures/ORT.png  used on input line 519.
(pdftex.def)             Requested size: 41.46732pt x 28.45274pt.
 [24]
<figures/ThreePlayers/fp_3p.png, id=292, 867.24pt x 361.35pt>
File: figures/ThreePlayers/fp_3p.png Graphic file (type png)
<use figures/ThreePlayers/fp_3p.png>
Package pdftex.def Info: figures/ThreePlayers/fp_3p.png  used on input line 533
.
(pdftex.def)             Requested size: 512.1496pt x 213.40417pt.
File: figures/ORT.png Graphic file (type png)
<use figures/ORT.png>
Package pdftex.def Info: figures/ORT.png  used on input line 536.
(pdftex.def)             Requested size: 41.46732pt x 28.45274pt.
 [25]
<figures/ThreePlayers/rm_3p.png, id=298, 867.24pt x 361.35pt>
File: figures/ThreePlayers/rm_3p.png Graphic file (type png)
<use figures/ThreePlayers/rm_3p.png>
Package pdftex.def Info: figures/ThreePlayers/rm_3p.png  used on input line 539
.
(pdftex.def)             Requested size: 512.1496pt x 213.40417pt.
File: figures/ORT.png Graphic file (type png)
<use figures/ORT.png>
Package pdftex.def Info: figures/ORT.png  used on input line 544.
(pdftex.def)             Requested size: 41.46732pt x 28.45274pt.
 [26 <./figures/ThreePlayers/fp_3p.png> <./figures/ThreePlayers/rm_3p.png>]
<figures/ThreePlayers/2fp+1rm_3p.png, id=309, 867.24pt x 361.35pt>
File: figures/ThreePlayers/2fp+1rm_3p.png Graphic file (type png)
<use figures/ThreePlayers/2fp+1rm_3p.png>
Package pdftex.def Info: figures/ThreePlayers/2fp+1rm_3p.png  used on input lin
e 551.
(pdftex.def)             Requested size: 512.1496pt x 213.40417pt.
<figures/ThreePlayers/2rm+1fp_3p.png, id=310, 867.24pt x 361.35pt>
File: figures/ThreePlayers/2rm+1fp_3p.png Graphic file (type png)
<use figures/ThreePlayers/2rm+1fp_3p.png>
Package pdftex.def Info: figures/ThreePlayers/2rm+1fp_3p.png  used on input lin
e 557.
(pdftex.def)             Requested size: 512.1496pt x 213.40417pt.
File: figures/ORT.png Graphic file (type png)
<use figures/ORT.png>
Package pdftex.def Info: figures/ORT.png  used on input line 560.
(pdftex.def)             Requested size: 41.46732pt x 28.45274pt.
 [27 <./figures/ThreePlayers/2fp+1rm_3p.png>]
<figures/ThreePlayers/iql_3p.png, id=318, 867.24pt x 361.35pt>
File: figures/ThreePlayers/iql_3p.png Graphic file (type png)
<use figures/ThreePlayers/iql_3p.png>
Package pdftex.def Info: figures/ThreePlayers/iql_3p.png  used on input line 56
9.
(pdftex.def)             Requested size: 512.1496pt x 213.40417pt.
File: figures/ORT.png Graphic file (type png)
<use figures/ORT.png>
Package pdftex.def Info: figures/ORT.png  used on input line 572.
(pdftex.def)             Requested size: 41.46732pt x 28.45274pt.
 [28 <./figures/ThreePlayers/2rm+1fp_3p.png>]
<figures/ThreePlayers/jal-am_3p.png, id=325, 867.24pt x 361.35pt>
File: figures/ThreePlayers/jal-am_3p.png Graphic file (type png)
<use figures/ThreePlayers/jal-am_3p.png>
Package pdftex.def Info: figures/ThreePlayers/jal-am_3p.png  used on input line
 575.
(pdftex.def)             Requested size: 512.1496pt x 213.40417pt.
File: figures/ORT.png Graphic file (type png)
<use figures/ORT.png>
Package pdftex.def Info: figures/ORT.png  used on input line 580.
(pdftex.def)             Requested size: 41.46732pt x 28.45274pt.
 [29 <./figures/ThreePlayers/iql_3p.png> <./figures/ThreePlayers/jal-am_3p.png>
]
<figures/ThreePlayers/all_algos_distance_ne.png, id=335, 1445.4pt x 361.35pt>
File: figures/ThreePlayers/all_algos_distance_ne.png Graphic file (type png)
<use figures/ThreePlayers/all_algos_distance_ne.png>
Package pdftex.def Info: figures/ThreePlayers/all_algos_distance_ne.png  used o
n input line 587.
(pdftex.def)             Requested size: 512.1496pt x 128.03477pt.
File: figures/ORT.png Graphic file (type png)
<use figures/ORT.png>
Package pdftex.def Info: figures/ORT.png  used on input line 596.
(pdftex.def)             Requested size: 41.46732pt x 28.45274pt.
 [30 <./figures/ThreePlayers/all_algos_distance_ne.png>]
<figures/ThreePlayers/fp_c2.png, id=343, 939.51pt x 361.35pt>
File: figures/ThreePlayers/fp_c2.png Graphic file (type png)
<use figures/ThreePlayers/fp_c2.png>
Package pdftex.def Info: figures/ThreePlayers/fp_c2.png  used on input line 603
.
(pdftex.def)             Requested size: 512.1496pt x 196.97871pt.
<figures/ThreePlayers/rm_c2.png, id=344, 939.51pt x 361.35pt>
File: figures/ThreePlayers/rm_c2.png Graphic file (type png)
<use figures/ThreePlayers/rm_c2.png>
Package pdftex.def Info: figures/ThreePlayers/rm_c2.png  used on input line 609
.
(pdftex.def)             Requested size: 512.1496pt x 196.97871pt.
File: figures/ORT.png Graphic file (type png)
<use figures/ORT.png>
Package pdftex.def Info: figures/ORT.png  used on input line 612.
(pdftex.def)             Requested size: 41.46732pt x 28.45274pt.
 [31 <./figures/ThreePlayers/fp_c2.png>]
<figures/ThreePlayers/2fpp1rm_c2.png, id=353, 939.51pt x 361.35pt>
File: figures/ThreePlayers/2fpp1rm_c2.png Graphic file (type png)
<use figures/ThreePlayers/2fpp1rm_c2.png>
Package pdftex.def Info: figures/ThreePlayers/2fpp1rm_c2.png  used on input lin
e 615.
(pdftex.def)             Requested size: 512.1496pt x 196.97871pt.
<figures/ThreePlayers/2rmp1fp_c2.png, id=354, 939.51pt x 361.35pt>
File: figures/ThreePlayers/2rmp1fp_c2.png Graphic file (type png)
<use figures/ThreePlayers/2rmp1fp_c2.png>
Package pdftex.def Info: figures/ThreePlayers/2rmp1fp_c2.png  used on input lin
e 621.
(pdftex.def)             Requested size: 512.1496pt x 196.97871pt.
File: figures/ORT.png Graphic file (type png)
<use figures/ORT.png>
Package pdftex.def Info: figures/ORT.png  used on input line 624.
(pdftex.def)             Requested size: 41.46732pt x 28.45274pt.
 [32 <./figures/ThreePlayers/rm_c2.png> <./figures/ThreePlayers/2fpp1rm_c2.png>
]
<figures/ThreePlayers/comparison_c2.png, id=363, 1300.86pt x 361.35pt>
File: figures/ThreePlayers/comparison_c2.png Graphic file (type png)
<use figures/ThreePlayers/comparison_c2.png>
Package pdftex.def Info: figures/ThreePlayers/comparison_c2.png  used on input 
line 627.
(pdftex.def)             Requested size: 512.1496pt x 142.26578pt.
File: figures/ORT.png Graphic file (type png)
<use figures/ORT.png>
Package pdftex.def Info: figures/ORT.png  used on input line 633.
(pdftex.def)             Requested size: 41.46732pt x 28.45274pt.
 [33 <./figures/ThreePlayers/2rmp1fp_c2.png> <./figures/ThreePlayers/comparison
_c2.png>]
<figures/ThreePlayers/fp_c3.png, id=372, 939.51pt x 361.35pt>
File: figures/ThreePlayers/fp_c3.png Graphic file (type png)
<use figures/ThreePlayers/fp_c3.png>
Package pdftex.def Info: figures/ThreePlayers/fp_c3.png  used on input line 639
.
(pdftex.def)             Requested size: 512.1496pt x 196.97871pt.
<figures/ThreePlayers/rm_c3.png, id=373, 939.51pt x 361.35pt>
File: figures/ThreePlayers/rm_c3.png Graphic file (type png)
<use figures/ThreePlayers/rm_c3.png>
Package pdftex.def Info: figures/ThreePlayers/rm_c3.png  used on input line 645
.
(pdftex.def)             Requested size: 512.1496pt x 196.97871pt.
File: figures/ORT.png Graphic file (type png)
<use figures/ORT.png>
Package pdftex.def Info: figures/ORT.png  used on input line 648.
(pdftex.def)             Requested size: 41.46732pt x 28.45274pt.
 [34 <./figures/ThreePlayers/fp_c3.png>]
<figures/ThreePlayers/2fpp1rm_c3.png, id=380, 939.51pt x 361.35pt>
File: figures/ThreePlayers/2fpp1rm_c3.png Graphic file (type png)
<use figures/ThreePlayers/2fpp1rm_c3.png>
Package pdftex.def Info: figures/ThreePlayers/2fpp1rm_c3.png  used on input lin
e 651.
(pdftex.def)             Requested size: 512.1496pt x 196.97871pt.
<figures/ThreePlayers/2rmp1fp_c3.png, id=381, 939.51pt x 361.35pt>
File: figures/ThreePlayers/2rmp1fp_c3.png Graphic file (type png)
<use figures/ThreePlayers/2rmp1fp_c3.png>
Package pdftex.def Info: figures/ThreePlayers/2rmp1fp_c3.png  used on input lin
e 657.
(pdftex.def)             Requested size: 512.1496pt x 196.97871pt.
File: figures/ORT.png Graphic file (type png)
<use figures/ORT.png>
Package pdftex.def Info: figures/ORT.png  used on input line 660.
(pdftex.def)             Requested size: 41.46732pt x 28.45274pt.
 [35 <./figures/ThreePlayers/rm_c3.png> <./figures/ThreePlayers/2fpp1rm_c3.png>
]
<figures/ThreePlayers/comparison_c3.png, id=390, 1300.86pt x 361.35pt>
File: figures/ThreePlayers/comparison_c3.png Graphic file (type png)
<use figures/ThreePlayers/comparison_c3.png>
Package pdftex.def Info: figures/ThreePlayers/comparison_c3.png  used on input 
line 663.
(pdftex.def)             Requested size: 512.1496pt x 142.26578pt.
File: figures/ORT.png Graphic file (type png)
<use figures/ORT.png>
Package pdftex.def Info: figures/ORT.png  used on input line 668.
(pdftex.def)             Requested size: 41.46732pt x 28.45274pt.
 [36 <./figures/ThreePlayers/2rmp1fp_c3.png> <./figures/ThreePlayers/comparison
_c3.png>]
<figures/ThreePlayers/fp_c4.png, id=399, 939.51pt x 361.35pt>
File: figures/ThreePlayers/fp_c4.png Graphic file (type png)
<use figures/ThreePlayers/fp_c4.png>
Package pdftex.def Info: figures/ThreePlayers/fp_c4.png  used on input line 675
.
(pdftex.def)             Requested size: 512.1496pt x 196.97871pt.
<figures/ThreePlayers/rm_c4.png, id=400, 939.51pt x 361.35pt>
File: figures/ThreePlayers/rm_c4.png Graphic file (type png)
<use figures/ThreePlayers/rm_c4.png>
Package pdftex.def Info: figures/ThreePlayers/rm_c4.png  used on input line 681
.
(pdftex.def)             Requested size: 512.1496pt x 196.97871pt.
File: figures/ORT.png Graphic file (type png)
<use figures/ORT.png>
Package pdftex.def Info: figures/ORT.png  used on input line 684.
(pdftex.def)             Requested size: 41.46732pt x 28.45274pt.
 [37 <./figures/ThreePlayers/fp_c4.png>]
<figures/ThreePlayers/2fpp1rm_c4.png, id=408, 939.51pt x 361.35pt>
File: figures/ThreePlayers/2fpp1rm_c4.png Graphic file (type png)
<use figures/ThreePlayers/2fpp1rm_c4.png>
Package pdftex.def Info: figures/ThreePlayers/2fpp1rm_c4.png  used on input lin
e 687.
(pdftex.def)             Requested size: 512.1496pt x 196.97871pt.
<figures/ThreePlayers/2rmp1fp_c4.png, id=409, 939.51pt x 361.35pt>
File: figures/ThreePlayers/2rmp1fp_c4.png Graphic file (type png)
<use figures/ThreePlayers/2rmp1fp_c4.png>
Package pdftex.def Info: figures/ThreePlayers/2rmp1fp_c4.png  used on input lin
e 693.
(pdftex.def)             Requested size: 512.1496pt x 196.97871pt.
File: figures/ORT.png Graphic file (type png)
<use figures/ORT.png>
Package pdftex.def Info: figures/ORT.png  used on input line 696.
(pdftex.def)             Requested size: 41.46732pt x 28.45274pt.
 [38 <./figures/ThreePlayers/rm_c4.png> <./figures/ThreePlayers/2fpp1rm_c4.png>
]
<figures/ThreePlayers/comparison_c4.png, id=418, 1300.86pt x 361.35pt>
File: figures/ThreePlayers/comparison_c4.png Graphic file (type png)
<use figures/ThreePlayers/comparison_c4.png>
Package pdftex.def Info: figures/ThreePlayers/comparison_c4.png  used on input 
line 699.
(pdftex.def)             Requested size: 512.1496pt x 142.26578pt.
File: figures/ORT.png Graphic file (type png)
<use figures/ORT.png>
Package pdftex.def Info: figures/ORT.png  used on input line 705.
(pdftex.def)             Requested size: 41.46732pt x 28.45274pt.
 [39 <./figures/ThreePlayers/2rmp1fp_c4.png> <./figures/ThreePlayers/comparison
_c4.png>]
File: figures/ORT.png Graphic file (type png)
<use figures/ORT.png>
Package pdftex.def Info: figures/ORT.png  used on input line 718.
(pdftex.def)             Requested size: 41.46732pt x 28.45274pt.
 [40]
<figures/Foraging/iql_config0_training.png, id=432, 1156.32pt x 289.08pt>
File: figures/Foraging/iql_config0_training.png Graphic file (type png)
<use figures/Foraging/iql_config0_training.png>
Package pdftex.def Info: figures/Foraging/iql_config0_training.png  used on inp
ut line 732.
(pdftex.def)             Requested size: 409.72124pt x 102.42783pt.
<figures/Foraging/iql_config0_game.png, id=433, 549.252pt x 166.221pt>
File: figures/Foraging/iql_config0_game.png Graphic file (type png)
<use figures/Foraging/iql_config0_game.png>
Package pdftex.def Info: figures/Foraging/iql_config0_game.png  used on input l
ine 738.
(pdftex.def)             Requested size: 358.50314pt x 108.4938pt.
<figures/Foraging/jalam_config0_training.png, id=434, 1156.32pt x 289.08pt>
File: figures/Foraging/jalam_config0_training.png Graphic file (type png)
<use figures/Foraging/jalam_config0_training.png>
Package pdftex.def Info: figures/Foraging/jalam_config0_training.png  used on i
nput line 744.
(pdftex.def)             Requested size: 409.72124pt x 102.42783pt.
File: figures/ORT.png Graphic file (type png)
<use figures/ORT.png>
Package pdftex.def Info: figures/ORT.png  used on input line 747.
(pdftex.def)             Requested size: 41.46732pt x 28.45274pt.
 [41 <./figures/Foraging/iql_config0_training.png> <./figures/Foraging/iql_conf
ig0_game.png>]
<figures/Foraging/jalam_config0_game.png, id=444, 549.252pt x 166.221pt>
File: figures/Foraging/jalam_config0_game.png Graphic file (type png)
<use figures/Foraging/jalam_config0_game.png>
Package pdftex.def Info: figures/Foraging/jalam_config0_game.png  used on input
 line 750.
(pdftex.def)             Requested size: 358.50314pt x 108.4938pt.
<figures/Foraging/iql_config1_training.png, id=445, 1156.32pt x 289.08pt>
File: figures/Foraging/iql_config1_training.png Graphic file (type png)
<use figures/Foraging/iql_config1_training.png>
Package pdftex.def Info: figures/Foraging/iql_config1_training.png  used on inp
ut line 764.
(pdftex.def)             Requested size: 460.9315pt x 115.23296pt.
File: figures/ORT.png Graphic file (type png)
<use figures/ORT.png>
Package pdftex.def Info: figures/ORT.png  used on input line 767.
(pdftex.def)             Requested size: 41.46732pt x 28.45274pt.
 [42 <./figures/Foraging/jalam_config0_training.png> <./figures/Foraging/jalam_
config0_game.png>]
<figures/Foraging/iql_config1_game.png, id=454, 823.3962pt x 332.442pt>
File: figures/Foraging/iql_config1_game.png Graphic file (type png)
<use figures/Foraging/iql_config1_game.png>
Package pdftex.def Info: figures/Foraging/iql_config1_game.png  used on input l
ine 770.
(pdftex.def)             Requested size: 409.72124pt x 165.42418pt.
<figures/Foraging/jalam_config1_training.png, id=455, 1156.32pt x 289.08pt>
File: figures/Foraging/jalam_config1_training.png Graphic file (type png)
<use figures/Foraging/jalam_config1_training.png>
Package pdftex.def Info: figures/Foraging/jalam_config1_training.png  used on i
nput line 776.
(pdftex.def)             Requested size: 460.9315pt x 115.23296pt.
<figures/Foraging/jalam_config1_game.png, id=456, 823.3962pt x 332.442pt>
File: figures/Foraging/jalam_config1_game.png Graphic file (type png)
<use figures/Foraging/jalam_config1_game.png>
Package pdftex.def Info: figures/Foraging/jalam_config1_game.png  used on input
 line 782.
(pdftex.def)             Requested size: 409.72124pt x 165.42418pt.
File: figures/ORT.png Graphic file (type png)
<use figures/ORT.png>
Package pdftex.def Info: figures/ORT.png  used on input line 785.
(pdftex.def)             Requested size: 41.46732pt x 28.45274pt.
 [43 <./figures/Foraging/iql_config1_training.png> <./figures/Foraging/iql_conf
ig1_game.png> <./figures/Foraging/jalam_config1_training.png>]
<figures/Foraging/iql_config2_training.png, id=468, 1156.32pt x 289.08pt>
File: figures/Foraging/iql_config2_training.png Graphic file (type png)
<use figures/Foraging/iql_config2_training.png>
Package pdftex.def Info: figures/Foraging/iql_config2_training.png  used on inp
ut line 792.
(pdftex.def)             Requested size: 512.1496pt x 128.03368pt.
<figures/Foraging/iql_config2_game.png, id=469, 549.252pt x 166.221pt>
File: figures/Foraging/iql_config2_game.png Graphic file (type png)
<use figures/Foraging/iql_config2_game.png>
Package pdftex.def Info: figures/Foraging/iql_config2_game.png  used on input l
ine 798.
(pdftex.def)             Requested size: 512.1496pt x 154.99225pt.
File: figures/ORT.png Graphic file (type png)
<use figures/ORT.png>
Package pdftex.def Info: figures/ORT.png  used on input line 801.
(pdftex.def)             Requested size: 41.46732pt x 28.45274pt.
 [44 <./figures/Foraging/jalam_config1_game.png> <./figures/Foraging/iql_config
2_training.png>]
<figures/Foraging/jalam_config2_training.png, id=479, 1156.32pt x 289.08pt>
File: figures/Foraging/jalam_config2_training.png Graphic file (type png)
<use figures/Foraging/jalam_config2_training.png>
Package pdftex.def Info: figures/Foraging/jalam_config2_training.png  used on i
nput line 804.
(pdftex.def)             Requested size: 512.1496pt x 128.03368pt.
<figures/Foraging/jalam_config2_game.png, id=480, 549.252pt x 166.221pt>
File: figures/Foraging/jalam_config2_game.png Graphic file (type png)
<use figures/Foraging/jalam_config2_game.png>
Package pdftex.def Info: figures/Foraging/jalam_config2_game.png  used on input
 line 810.
(pdftex.def)             Requested size: 512.1496pt x 154.99225pt.
File: figures/ORT.png Graphic file (type png)
<use figures/ORT.png>
Package pdftex.def Info: figures/ORT.png  used on input line 815.
(pdftex.def)             Requested size: 41.46732pt x 28.45274pt.
 [45 <./figures/Foraging/iql_config2_game.png> <./figures/Foraging/jalam_config
2_training.png> <./figures/Foraging/jalam_config2_game.png>]
<figures/Foraging/jalam2iql_config2_training.png, id=491, 1156.32pt x 289.08pt>

File: figures/Foraging/jalam2iql_config2_training.png Graphic file (type png)
<use figures/Foraging/jalam2iql_config2_training.png>
Package pdftex.def Info: figures/Foraging/jalam2iql_config2_training.png  used 
on input line 823.
(pdftex.def)             Requested size: 512.1496pt x 128.03368pt.
<figures/Foraging/jalam2iql_config2_game.png, id=492, 549.252pt x 166.221pt>
File: figures/Foraging/jalam2iql_config2_game.png Graphic file (type png)
<use figures/Foraging/jalam2iql_config2_game.png>
Package pdftex.def Info: figures/Foraging/jalam2iql_config2_game.png  used on i
nput line 829.
(pdftex.def)             Requested size: 512.1496pt x 154.99225pt.
File: figures/ORT.png Graphic file (type png)
<use figures/ORT.png>
Package pdftex.def Info: figures/ORT.png  used on input line 834.
(pdftex.def)             Requested size: 41.46732pt x 28.45274pt.
 [46 <./figures/Foraging/jalam2iql_config2_training.png> <./figures/Foraging/ja
lam2iql_config2_game.png>]
<figures/Foraging/iql_config3_training.png, id=503, 1156.32pt x 289.08pt>
File: figures/Foraging/iql_config3_training.png Graphic file (type png)
<use figures/Foraging/iql_config3_training.png>
Package pdftex.def Info: figures/Foraging/iql_config3_training.png  used on inp
ut line 840.
(pdftex.def)             Requested size: 512.1496pt x 128.03368pt.
<figures/Foraging/iql_config3_game.png, id=504, 823.3962pt x 498.663pt>
File: figures/Foraging/iql_config3_game.png Graphic file (type png)
<use figures/Foraging/iql_config3_game.png>
Package pdftex.def Info: figures/Foraging/iql_config3_game.png  used on input l
ine 846.
(pdftex.def)             Requested size: 384.1122pt x 232.62918pt.
File: figures/ORT.png Graphic file (type png)
<use figures/ORT.png>
Package pdftex.def Info: figures/ORT.png  used on input line 849.
(pdftex.def)             Requested size: 41.46732pt x 28.45274pt.

[47 <./figures/Foraging/iql_config3_training.png>]
<figures/Foraging/jalam_config3_training.png, id=512, 1156.32pt x 289.08pt>
File: figures/Foraging/jalam_config3_training.png Graphic file (type png)
<use figures/Foraging/jalam_config3_training.png>
Package pdftex.def Info: figures/Foraging/jalam_config3_training.png  used on i
nput line 852.
(pdftex.def)             Requested size: 384.1122pt x 96.02747pt.
<figures/Foraging/jalam_config3_game.png, id=513, 823.3962pt x 498.663pt>
File: figures/Foraging/jalam_config3_game.png Graphic file (type png)
<use figures/Foraging/jalam_config3_game.png>
Package pdftex.def Info: figures/Foraging/jalam_config3_game.png  used on input
 line 858.
(pdftex.def)             Requested size: 384.1122pt x 232.62918pt.
File: figures/ORT.png Graphic file (type png)
<use figures/ORT.png>
Package pdftex.def Info: figures/ORT.png  used on input line 861.
(pdftex.def)             Requested size: 41.46732pt x 28.45274pt.
 [48 <./figures/Foraging/iql_config3_game.png> <./figures/Foraging/jalam_config
3_training.png>]
<figures/Foraging/jalam2iql_config3_training.png, id=522, 1156.32pt x 289.08pt>

File: figures/Foraging/jalam2iql_config3_training.png Graphic file (type png)
<use figures/Foraging/jalam2iql_config3_training.png>
Package pdftex.def Info: figures/Foraging/jalam2iql_config3_training.png  used 
on input line 870.
(pdftex.def)             Requested size: 512.1496pt x 128.03368pt.
File: figures/ORT.png Graphic file (type png)
<use figures/ORT.png>
Package pdftex.def Info: figures/ORT.png  used on input line 873.
(pdftex.def)             Requested size: 41.46732pt x 28.45274pt.
 [49 <./figures/Foraging/jalam_config3_game.png>]
<figures/Foraging/jalam2iql_config3_game.png, id=530, 823.3962pt x 332.442pt>
File: figures/Foraging/jalam2iql_config3_game.png Graphic file (type png)
<use figures/Foraging/jalam2iql_config3_game.png>
Package pdftex.def Info: figures/Foraging/jalam2iql_config3_game.png  used on i
nput line 876.
(pdftex.def)             Requested size: 512.1496pt x 206.7815pt.
File: figures/ORT.png Graphic file (type png)
<use figures/ORT.png>
Package pdftex.def Info: figures/ORT.png  used on input line 887.
(pdftex.def)             Requested size: 41.46732pt x 28.45274pt.
 [50 <./figures/Foraging/jalam2iql_config3_training.png> <./figures/Foraging/ja
lam2iql_config3_game.png>]
File: figures/ORT.png Graphic file (type png)
<use figures/ORT.png>
Package pdftex.def Info: figures/ORT.png  used on input line 903.
(pdftex.def)             Requested size: 41.46732pt x 28.45274pt.
 [51]
<figures/cournot/convergencia_rm_2jugadores.png, id=544, 1075.3776pt x 351.714p
t>
File: figures/cournot/convergencia_rm_2jugadores.png Graphic file (type png)
<use figures/cournot/convergencia_rm_2jugadores.png>
Package pdftex.def Info: figures/cournot/convergencia_rm_2jugadores.png  used o
n input line 912.
(pdftex.def)             Requested size: 512.1496pt x 167.51132pt.
File: figures/ORT.png Graphic file (type png)
<use figures/ORT.png>
Package pdftex.def Info: figures/ORT.png  used on input line 915.
(pdftex.def)             Requested size: 41.46732pt x 28.45274pt.
 [52]
<figures/cournot/convergencia_fp_2jugadores.png, id=549, 1075.3776pt x 351.714p
t>
File: figures/cournot/convergencia_fp_2jugadores.png Graphic file (type png)
<use figures/cournot/convergencia_fp_2jugadores.png>
Package pdftex.def Info: figures/cournot/convergencia_fp_2jugadores.png  used o
n input line 918.
(pdftex.def)             Requested size: 512.1496pt x 167.51132pt.
File: figures/ORT.png Graphic file (type png)
<use figures/ORT.png>
Package pdftex.def Info: figures/ORT.png  used on input line 927.
(pdftex.def)             Requested size: 41.46732pt x 28.45274pt.

[53 <./figures/cournot/convergencia_rm_2jugadores.png> <./figures/cournot/conve
rgencia_fp_2jugadores.png>]
<figures/cournot/experimento_mixto_rm_vs_fp.png, id=559, 1149.093pt x 352.1958p
t>
File: figures/cournot/experimento_mixto_rm_vs_fp.png Graphic file (type png)
<use figures/cournot/experimento_mixto_rm_vs_fp.png>
Package pdftex.def Info: figures/cournot/experimento_mixto_rm_vs_fp.png  used o
n input line 930.
(pdftex.def)             Requested size: 512.1496pt x 156.97653pt.
<figures/cournot/convergencia_iql_2jugadores.png, id=560, 1075.3776pt x 351.714
pt>
File: figures/cournot/convergencia_iql_2jugadores.png Graphic file (type png)
<use figures/cournot/convergencia_iql_2jugadores.png>
Package pdftex.def Info: figures/cournot/convergencia_iql_2jugadores.png  used 
on input line 943.
(pdftex.def)             Requested size: 512.1496pt x 167.51132pt.
File: figures/ORT.png Graphic file (type png)
<use figures/ORT.png>
Package pdftex.def Info: figures/ORT.png  used on input line 946.
(pdftex.def)             Requested size: 41.46732pt x 28.45274pt.
 [54 <./figures/cournot/experimento_mixto_rm_vs_fp.png>]
<figures/cournot/convergencia_jalam_2jugadores.png, id=567, 1075.3776pt x 351.7
14pt>
File: figures/cournot/convergencia_jalam_2jugadores.png Graphic file (type png)

<use figures/cournot/convergencia_jalam_2jugadores.png>
Package pdftex.def Info: figures/cournot/convergencia_jalam_2jugadores.png  use
d on input line 949.
(pdftex.def)             Requested size: 512.1496pt x 167.51132pt.
<figures/cournot/convergencia_rm_3jugadores.png, id=568, 1075.3776pt x 351.714p
t>
File: figures/cournot/convergencia_rm_3jugadores.png Graphic file (type png)
<use figures/cournot/convergencia_rm_3jugadores.png>
Package pdftex.def Info: figures/cournot/convergencia_rm_3jugadores.png  used o
n input line 959.
(pdftex.def)             Requested size: 512.1496pt x 167.51132pt.
File: figures/ORT.png Graphic file (type png)
<use figures/ORT.png>
Package pdftex.def Info: figures/ORT.png  used on input line 962.
(pdftex.def)             Requested size: 41.46732pt x 28.45274pt.
 [55 <./figures/cournot/convergencia_iql_2jugadores.png> <./figures/cournot/con
vergencia_jalam_2jugadores.png>]
<figures/cournot/convergencia_fp_3jugadores.png, id=579, 1075.3776pt x 351.714p
t>
File: figures/cournot/convergencia_fp_3jugadores.png Graphic file (type png)
<use figures/cournot/convergencia_fp_3jugadores.png>
Package pdftex.def Info: figures/cournot/convergencia_fp_3jugadores.png  used o
n input line 965.
(pdftex.def)             Requested size: 512.1496pt x 167.51132pt.
<figures/cournot/distribuciones_estrategia_3jugadores.png, id=580, 859.5312pt x
 356.532pt>
File: figures/cournot/distribuciones_estrategia_3jugadores.png Graphic file (ty
pe png)
<use figures/cournot/distribuciones_estrategia_3jugadores.png>
Package pdftex.def Info: figures/cournot/distribuciones_estrategia_3jugadores.p
ng  used on input line 971.
(pdftex.def)             Requested size: 512.1496pt x 212.44109pt.
File: figures/ORT.png Graphic file (type png)
<use figures/ORT.png>
Package pdftex.def Info: figures/ORT.png  used on input line 974.
(pdftex.def)             Requested size: 41.46732pt x 28.45274pt.
 [56 <./figures/cournot/convergencia_rm_3jugadores.png> <./figures/cournot/conv
ergencia_fp_3jugadores.png>]
File: figures/ORT.png Graphic file (type png)
<use figures/ORT.png>
Package pdftex.def Info: figures/ORT.png  used on input line 982.
(pdftex.def)             Requested size: 41.46732pt x 28.45274pt.
 [57 <./figures/cournot/distribuciones_estrategia_3jugadores.png>]
<figures/cournot/convergencia_rm_3j_medio.png, id=596, 1074.8958pt x 351.714pt>

File: figures/cournot/convergencia_rm_3j_medio.png Graphic file (type png)
<use figures/cournot/convergencia_rm_3j_medio.png>
Package pdftex.def Info: figures/cournot/convergencia_rm_3j_medio.png  used on 
input line 991.
(pdftex.def)             Requested size: 512.1496pt x 167.58109pt.
<figures/cournot/convergencia_fp_3j_medio.png, id=597, 1075.3776pt x 351.714pt>

File: figures/cournot/convergencia_fp_3j_medio.png Graphic file (type png)
<use figures/cournot/convergencia_fp_3j_medio.png>
Package pdftex.def Info: figures/cournot/convergencia_fp_3j_medio.png  used on 
input line 997.
(pdftex.def)             Requested size: 512.1496pt x 167.51132pt.
File: figures/ORT.png Graphic file (type png)
<use figures/ORT.png>
Package pdftex.def Info: figures/ORT.png  used on input line 1000.
(pdftex.def)             Requested size: 41.46732pt x 28.45274pt.
 [58 <./figures/cournot/convergencia_rm_3j_medio.png>]
<figures/cournot/distribuciones_estrategia_3jugadores_medio.png, id=605, 859.53
12pt x 356.532pt>
File: figures/cournot/distribuciones_estrategia_3jugadores_medio.png Graphic fi
le (type png)
<use figures/cournot/distribuciones_estrategia_3jugadores_medio.png>
Package pdftex.def Info: figures/cournot/distribuciones_estrategia_3jugadores_m
edio.png  used on input line 1003.
(pdftex.def)             Requested size: 512.1496pt x 212.44109pt.
File: figures/ORT.png Graphic file (type png)
<use figures/ORT.png>
Package pdftex.def Info: figures/ORT.png  used on input line 1011.
(pdftex.def)             Requested size: 41.46732pt x 28.45274pt.
 [59 <./figures/cournot/convergencia_fp_3j_medio.png> <./figures/cournot/distri
buciones_estrategia_3jugadores_medio.png>]
File: figures/ORT.png Graphic file (type png)
<use figures/ORT.png>
Package pdftex.def Info: figures/ORT.png  used on input line 1027.
(pdftex.def)             Requested size: 41.46732pt x 28.45274pt.
 [60]
<figures/cournot/convergencia_rm_3j_grande.png, id=619, 1075.3776pt x 351.714pt
>
File: figures/cournot/convergencia_rm_3j_grande.png Graphic file (type png)
<use figures/cournot/convergencia_rm_3j_grande.png>
Package pdftex.def Info: figures/cournot/convergencia_rm_3j_grande.png  used on
 input line 1030.
(pdftex.def)             Requested size: 512.1496pt x 167.51132pt.
<figures/cournot/convergencia_fp_3j_grande.png, id=620, 1075.3776pt x 351.714pt
>
File: figures/cournot/convergencia_fp_3j_grande.png Graphic file (type png)
<use figures/cournot/convergencia_fp_3j_grande.png>
Package pdftex.def Info: figures/cournot/convergencia_fp_3j_grande.png  used on
 input line 1036.
(pdftex.def)             Requested size: 512.1496pt x 167.51132pt.
<figures/cournot/distribuciones_estrategia_3jugadores_grande.png, id=621, 859.5
312pt x 356.532pt>
File: figures/cournot/distribuciones_estrategia_3jugadores_grande.png Graphic f
ile (type png)
<use figures/cournot/distribuciones_estrategia_3jugadores_grande.png>
Package pdftex.def Info: figures/cournot/distribuciones_estrategia_3jugadores_g
rande.png  used on input line 1042.
(pdftex.def)             Requested size: 512.1496pt x 212.44109pt.
File: figures/ORT.png Graphic file (type png)
<use figures/ORT.png>
Package pdftex.def Info: figures/ORT.png  used on input line 1045.
(pdftex.def)             Requested size: 41.46732pt x 28.45274pt.

[61 <./figures/cournot/convergencia_rm_3j_grande.png> <./figures/cournot/conver
gencia_fp_3j_grande.png>]
File: figures/ORT.png Graphic file (type png)
<use figures/ORT.png>
Package pdftex.def Info: figures/ORT.png  used on input line 1053.
(pdftex.def)             Requested size: 41.46732pt x 28.45274pt.
 [62 <./figures/cournot/distribuciones_estrategia_3jugadores_grande.png>]
File: figures/ORT.png Graphic file (type png)
<use figures/ORT.png>
Package pdftex.def Info: figures/ORT.png  used on input line 1064.
(pdftex.def)             Requested size: 41.46732pt x 28.45274pt.
 [63]
File: figures/ORT.png Graphic file (type png)
<use figures/ORT.png>
Package pdftex.def Info: figures/ORT.png  used on input line 1068.
(pdftex.def)             Requested size: 41.46732pt x 28.45274pt.
 [64] (./main.bbl)
File: figures/ORT.png Graphic file (type png)
<use figures/ORT.png>
Package pdftex.def Info: figures/ORT.png  used on input line 1078.
(pdftex.def)             Requested size: 41.46732pt x 28.45274pt.
 [65{/usr/local/texlive/2026/texmf-dist/fonts/enc/dvips/cm-super/cm-super-ts1.e
nc}] (./main.aux
LaTeX Info: Redefining \. on input line 9.
LaTeX Info: Redefining \% on input line 9.
)
 ***********
LaTeX2e <2025-11-01>
L3 programming layer <2026-01-19>
 ***********
Package rerunfilecheck Info: File `main.out' has not changed.
(rerunfilecheck)             Checksum: 9AE7E4D48B63E80E567A10DC9F90B930;3224.
 ) 
Here is how much of TeX's memory you used:
 27140 strings out of 467525
 511153 string characters out of 5418982
 973170 words of memory out of 5000000
 55390 multiletter control sequences out of 15000+600000
 637524 words of font info for 78 fonts, out of 8000000 for 9000
 1141 hyphenation exceptions out of 8191
 84i,15n,104p,1343b,576s stack positions out of 10000i,1000n,20000p,200000b,200000s
</usr/local/texlive/2026/texmf-dist/fonts/type1/public/amsfonts/cm/cmbx12.pfb
></usr/local/texlive/2026/texmf-dist/fonts/type1/public/amsfonts/cm/cmcsc10.pfb
></usr/local/texlive/2026/texmf-dist/fonts/type1/public/amsfonts/cm/cmex10.pfb>
</usr/local/texlive/2026/texmf-dist/fonts/type1/public/amsfonts/cm/cmmi12.pfb><
/usr/local/texlive/2026/texmf-dist/fonts/type1/public/amsfonts/cm/cmmi8.pfb></u
sr/local/texlive/2026/texmf-dist/fonts/type1/public/amsfonts/cm/cmr10.pfb></usr
/local/texlive/2026/texmf-dist/fonts/type1/public/amsfonts/cm/cmr12.pfb></usr/l
ocal/texlive/2026/texmf-dist/fonts/type1/public/amsfonts/cm/cmr17.pfb></usr/loc
al/texlive/2026/texmf-dist/fonts/type1/public/amsfonts/cm/cmr8.pfb></usr/local/
texlive/2026/texmf-dist/fonts/type1/public/amsfonts/cm/cmsy10.pfb></usr/local/t
exlive/2026/texmf-dist/fonts/type1/public/amsfonts/cm/cmsy6.pfb></usr/local/tex
live/2026/texmf-dist/fonts/type1/public/amsfonts/cm/cmsy8.pfb></usr/local/texli
ve/2026/texmf-dist/fonts/type1/public/amsfonts/cm/cmti12.pfb></usr/local/texliv
e/2026/texmf-dist/fonts/type1/public/amsfonts/cm/cmtt12.pfb></usr/local/texlive
/2026/texmf-dist/fonts/type1/public/cm-super/sfrm1095.pfb>
Output written on main.pdf (65 pages, 8573684 bytes).
PDF statistics:
 769 PDF objects out of 1000 (max. 8388607)
 528 compressed objects within 6 object streams
 191 named destinations out of 1000 (max. 500000)
 550 words of extra memory for PDF output out of 10000 (max. 10000000)

